=== Phase 1: Type Checking ===
✅ Type checking passed

=== Phase 2: Memory Safety Analysis ===
✅ Memory safety analysis passed

=== Phase 3: Post-Optimization Verification ===
✅ Post-optimization verification passed

=== AST Optimization Statistics (DISABLED) ===
AST optimization temporarily disabled for debugging

[DEBUG] About to start LIR generation for register interpreter...
[DEBUG] generate_program started
[DEBUG] Setting type system reference
[DEBUG] PASS 0: Collecting signatures
[DEBUG] Function signatures collected
[DEBUG] Class signatures collected
[DEBUG] Module signatures collected
[DEBUG] PASS 1: Lowering function bodies
[DEBUG] Function bodies lowered
[DEBUG] emit_stmt called with type: N3AST14VarDeclarationE
[DEBUG] emit_var_stmt called for variable: d
[DEBUG] Checking if variable has initializer
[DEBUG] Variable has initializer, processing...
[DEBUG] Processing non-literal initializer
[DEBUG] emit_expr completed, value=0
[DEBUG] Binding variable: d to register 5
[DEBUG] emit_var_stmt completed for: d
[DEBUG] emit_stmt called with type: N3AST13IterStatementE
[DEBUG] Resolving variable 'd' in 1 scopes
[DEBUG] Found variable 'd' -> register 5
[DEBUG] emit_stmt called with type: N3AST14BlockStatementE
[DEBUG] emit_stmt called with type: N3AST14PrintStatementE
[DEBUG] Emitting PrintStatement
[DEBUG] Resolving variable 'entry' in 3 scopes
[DEBUG] Found variable 'entry' -> register 7
[DEBUG] emit_stmt called with type: N3AST14VarDeclarationE
[DEBUG] emit_var_stmt called for variable: d
[DEBUG] Checking if variable has initializer
[DEBUG] Variable has initializer, processing...
[DEBUG] Processing non-literal initializer
[DEBUG] emit_expr completed, value=15
[DEBUG] Binding variable: d to register 20
[DEBUG] emit_var_stmt completed for: d
[DEBUG] emit_stmt called with type: N3AST13IterStatementE
[DEBUG] Resolving variable 'd' in 1 scopes
[DEBUG] Found variable 'd' -> register 20
[DEBUG] emit_stmt called with type: N3AST14BlockStatementE
[DEBUG] emit_stmt called with type: N3AST14PrintStatementE
[DEBUG] Emitting PrintStatement
[DEBUG] Resolving variable 'entry' in 3 scopes
[DEBUG] Found variable 'entry' -> register 22
[DEBUG] emit_stmt called with type: N3AST14PrintStatementE
[DEBUG] Emitting PrintStatement
[DEBUG] Resolving variable 'entry' in 3 scopes
[DEBUG] Found variable 'entry' -> register 22
[DEBUG] Emitting Dict value: 
[DEBUG] LIR generation completed, checking for errors...

=== LIR Disassembly ===
fn main() {
  0: dict_create r0
  1: load_const r1, "x" [types: r1:ptr]
  2: load_const r2, 10 [types: r2:i64]
  3: dict_set r0, r1, r2 [types: r1:ptr, r2:i64]
  4: load_const r3, "y" [types: r3:ptr]
  5: load_const r4, 20 [types: r4:i64]
  6: dict_set r0, r3, r4 [types: r3:ptr, r4:i64]
  7: mov r5, r0
  8: dict_items r6, r5
  9: load_const r8, 0 [types: r8:i64]
  10: jump 11
L11:
  11: list_len r9, r6
  12: cmplt r10, r8, r9 [types: r8:i64]
  13: jmp_if_false r10, 22
  14: list_index r11, r6, r8 [types: r8:i64]
  15: mov r7, r11
  16: to_string r12, r7 [types: r12:ptr]
  17: print_string r12 [types: r12:ptr]
  18: load_const r13, 1
  19: add r14, r8, r13 [types: r8:i64]
  20: mov r8, r14 [types: r8:i64]
  21: jump 11
L22:
  22: dict_create r15 [types: r15:ptr]
  23: load_const r16, "x" [types: r16:ptr]
  24: load_const r17, 30 [types: r17:i64]
  25: dict_set r15, r16, r17 [types: r15:ptr, r16:ptr, r17:i64]
  26: load_const r18, "y" [types: r18:ptr]
  27: load_const r19, 40 [types: r19:i64]
  28: dict_set r15, r18, r19 [types: r15:ptr, r18:ptr, r19:i64]
  29: mov r20, r15 [types: r15:ptr]
  30: dict_items r21, r20
  31: load_const r23, 0 [types: r23:i64]
  32: jump 33
L33:
  33: list_len r24, r21
  34: cmplt r25, r23, r24 [types: r23:i64]
  35: jmp_if_false r25, 50
  36: list_index r26, r21, r23 [types: r23:i64]
  37: mov r22, r26
  38: load_const r27, 0
  39: tuple_get r28, r22, r27
  40: to_string r29, r28 [types: r29:ptr]
  41: print_string r29 [types: r29:ptr]
  42: load_const r30, 1
  43: tuple_get r31, r22, r30
  44: to_string r32, r31 [types: r32:ptr]
  45: print_string r32 [types: r32:ptr]
  46: load_const r33, 1
  47: add r34, r23, r33 [types: r23:i64]
  48: mov r23, r34 [types: r23:i64]
  49: jump 33
L50:
  50: ret r0
}


=== Function LIR Instructions ===
nil
nil
nil
nil
nil
nil
